[    0.000000] Initializing cgroup subsys cpuset
[    0.000000] Initializing cgroup subsys cpu
[    0.000000] Initializing cgroup subsys cpuacct
[    0.000000] Linux version 4.4.0-184-generic (buildd@lgw01-amd64-060) (gcc version 5.4.0 20160609 (Ubuntu 5.4.0-6ubuntu1~16.04.12) ) #214-Ubuntu SMP Thu Jun 4 10:14:11 UTC 2020 (Ubuntu 4.4.0-184.214-generic 4.4.223)
[    0.000000] Command line: BOOT_IMAGE=/boot/vmlinuz-4.4.0-184-generic root=LABEL=cloudimg-rootfs ro console=tty1 console=ttyS0
[    0.000000] KERNEL supported cpus:
[    0.000000]   Intel GenuineIntel
[    0.000000]   AMD AuthenticAMD
[    0.000000]   Centaur CentaurHauls
[    0.000000] x86/fpu: xstate_offset[2]:  576, xstate_sizes[2]:  256
[    0.000000] x86/fpu: Supporting XSAVE feature 0x01: 'x87 floating point registers'
[    0.000000] x86/fpu: Supporting XSAVE feature 0x02: 'SSE registers'
[    0.000000] x86/fpu: Supporting XSAVE feature 0x04: 'AVX registers'
[    0.000000] x86/fpu: Enabled xstate features 0x7, context size is 832 bytes, using 'standard' format.
[    0.000000] e820: BIOS-provided physical RAM map:
[    0.000000] BIOS-e820: [mem 0x0000000000000000-0x000000000009fbff] usable
[    0.000000] BIOS-e820: [mem 0x000000000009fc00-0x000000000009ffff] reserved
[    0.000000] BIOS-e820: [mem 0x00000000000f0000-0x00000000000fffff] reserved
[    0.000000] BIOS-e820: [mem 0x0000000000100000-0x000000003ffeffff] usable
[    0.000000] BIOS-e820: [mem 0x000000003fff0000-0x000000003fffffff] ACPI data
[    0.000000] BIOS-e820: [mem 0x00000000fec00000-0x00000000fec00fff] reserved
[    0.000000] BIOS-e820: [mem 0x00000000fee00000-0x00000000fee00fff] reserved
[    0.000000] BIOS-e820: [mem 0x00000000fffc0000-0x00000000ffffffff] reserved
[    0.000000] NX (Execute Disable) protection: active
[    0.000000] SMBIOS 2.5 present.
[    0.000000] Hypervisor detected: KVM
[    0.000000] e820: last_pfn = 0x3fff0 max_arch_pfn = 0x400000000
[    0.000000] MTRR: Disabled
[    0.000000] x86/PAT: MTRRs disabled, skipping PAT initialization too.
[    0.000000] CPU MTRRs all blank - virtualized system.
[    0.000000] x86/PAT: Configuration [0-7]: WB  WT  UC- UC  WB  WT  UC- UC  
[    0.000000] found SMP MP-table at [mem 0x0009fff0-0x0009ffff] mapped at [ffff88000009fff0]
[    0.000000] Scanning 1 areas for low memory corruption
[    0.000000] RAMDISK: [mem 0x362de000-0x37166fff]
[    0.000000] ACPI: Early table checksum verification disabled
[    0.000000] ACPI: RSDP 0x00000000000E0000 000024 (v02 VBOX  )
[    0.000000] ACPI: XSDT 0x000000003FFF0030 00003C (v01 VBOX   VBOXXSDT 00000001 ASL  00000061)
[    0.000000] ACPI: FACP 0x000000003FFF00F0 0000F4 (v04 VBOX   VBOXFACP 00000001 ASL  00000061)
[    0.000000] ACPI: DSDT 0x000000003FFF0470 002325 (v02 VBOX   VBOXBIOS 00000002 INTL 20100528)
[    0.000000] ACPI: FACS 0x000000003FFF0200 000040
[    0.000000] ACPI: FACS 0x000000003FFF0200 000040
[    0.000000] ACPI: APIC 0x000000003FFF0240 00005C (v02 VBOX   VBOXAPIC 00000001 ASL  00000061)
[    0.000000] ACPI: SSDT 0x000000003FFF02A0 0001CC (v01 VBOX   VBOXCPUT 00000002 INTL 20100528)
[    0.000000] No NUMA configuration found
[    0.000000] Faking a node at [mem 0x0000000000000000-0x000000003ffeffff]
[    0.000000] NODE_DATA(0) allocated [mem 0x3ffeb000-0x3ffeffff]
[    0.000000] kvm-clock: Using msrs 4b564d01 and 4b564d00
[    0.000000] kvm-clock: cpu 0, msr 0:3ffe3001, primary cpu clock
[    0.000000] kvm-clock: using sched offset of 4861684401 cycles
[    0.000000] clocksource: kvm-clock: mask: 0xffffffffffffffff max_cycles: 0x1cd42e4dffb, max_idle_ns: 881590591483 ns
[    0.000000] Zone ranges:
[    0.000000]   DMA      [mem 0x0000000000001000-0x0000000000ffffff]
[    0.000000]   DMA32    [mem 0x0000000001000000-0x000000003ffeffff]
[    0.000000]   Normal   empty
[    0.000000]   Device   empty
[    0.000000] Movable zone start for each node
[    0.000000] Early memory node ranges
[    0.000000]   node   0: [mem 0x0000000000001000-0x000000000009efff]
[    0.000000]   node   0: [mem 0x0000000000100000-0x000000003ffeffff]
[    0.000000] Initmem setup node 0 [mem 0x0000000000001000-0x000000003ffeffff]
[    0.000000] ACPI: PM-Timer IO Port: 0x4008
[    0.000000] IOAPIC[0]: apic_id 2, version 32, address 0xfec00000, GSI 0-23
[    0.000000] ACPI: INT_SRC_OVR (bus 0 bus_irq 0 global_irq 2 dfl dfl)
[    0.000000] ACPI: INT_SRC_OVR (bus 0 bus_irq 9 global_irq 9 low level)
[    0.000000] Using ACPI (MADT) for SMP configuration information
[    0.000000] smpboot: Allowing 2 CPUs, 0 hotplug CPUs
[    0.000000] PM: Registered nosave memory: [mem 0x00000000-0x00000fff]
[    0.000000] PM: Registered nosave memory: [mem 0x0009f000-0x0009ffff]
[    0.000000] PM: Registered nosave memory: [mem 0x000a0000-0x000effff]
[    0.000000] PM: Registered nosave memory: [mem 0x000f0000-0x000fffff]
[    0.000000] e820: [mem 0x40000000-0xfebfffff] available for PCI devices
[    0.000000] Booting paravirtualized kernel on KVM
[    0.000000] clocksource: refined-jiffies: mask: 0xffffffff max_cycles: 0xffffffff, max_idle_ns: 7645519600211568 ns
[    0.000000] setup_percpu: NR_CPUS:512 nr_cpumask_bits:512 nr_cpu_ids:2 nr_node_ids:1
[    0.000000] PERCPU: Embedded 33 pages/cpu @ffff88003fc00000 s95448 r8192 d31528 u1048576
[    0.000000] Built 1 zonelists in Node order, mobility grouping on.  Total pages: 257912
[    0.000000] Policy zone: DMA32
[    0.000000] Kernel command line: BOOT_IMAGE=/boot/vmlinuz-4.4.0-184-generic root=LABEL=cloudimg-rootfs ro console=tty1 console=ttyS0
[    0.000000] PID hash table entries: 4096 (order: 3, 32768 bytes)
[    0.000000] Memory: 997664K/1048120K available (8632K kernel code, 1336K rwdata, 4036K rodata, 1492K init, 1292K bss, 50456K reserved, 0K cma-reserved)
[    0.000000] SLUB: HWalign=64, Order=0-3, MinObjects=0, CPUs=2, Nodes=1
[    0.000000] Kernel/User page tables isolation: enabled
[    0.000000] Hierarchical RCU implementation.
[    0.000000] 	Build-time adjustment of leaf fanout to 64.
[    0.000000] 	RCU restricting CPUs from NR_CPUS=512 to nr_cpu_ids=2.
[    0.000000] RCU: Adjusting geometry for rcu_fanout_leaf=64, nr_cpu_ids=2
[    0.000000] NR_IRQS:33024 nr_irqs:440 16
[    0.000000] Console: colour VGA+ 80x25
[    0.000000] console [tty1] enabled
[    0.000000] console [ttyS0] enabled
[    0.000000] tsc: Detected 2808.000 MHz processor
[    0.167959] Calibrating delay loop (skipped) preset value.. 5616.00 BogoMIPS (lpj=11232000)
[    0.169987] pid_max: default: 32768 minimum: 301
[    0.171877] ACPI: Core revision 20150930
[    0.173587] ACPI: 2 ACPI AML tables successfully acquired and loaded
[    0.174953] Security Framework initialized
[    0.175971] Yama: becoming mindful.
[    0.176758] AppArmor: AppArmor initialized
[    0.177716] Dentry cache hash table entries: 131072 (order: 8, 1048576 bytes)
[    0.180384] Inode-cache hash table entries: 65536 (order: 7, 524288 bytes)
[    0.182302] Mount-cache hash table entries: 2048 (order: 2, 16384 bytes)
[    0.184144] Mountpoint-cache hash table entries: 2048 (order: 2, 16384 bytes)
[    0.185696] Initializing cgroup subsys io
[    0.186597] Initializing cgroup subsys memory
[    0.187590] Initializing cgroup subsys devices
[    0.188703] Initializing cgroup subsys freezer
[    0.189682] Initializing cgroup subsys net_cls
[    0.190646] Initializing cgroup subsys perf_event
[    0.191693] Initializing cgroup subsys net_prio
[    0.192678] Initializing cgroup subsys hugetlb
[    0.193657] Initializing cgroup subsys pids
[    0.207041] mce: CPU supports 0 MCE banks
[    0.208498] Last level iTLB entries: 4KB 64, 2MB 8, 4MB 8
[    0.209987] Last level dTLB entries: 4KB 64, 2MB 0, 4MB 0, 1GB 4
[    0.211483] Spectre V1 : Mitigation: usercopy/swapgs barriers and __user pointer sanitization
[    0.214092] Spectre V2 : Mitigation: Full generic retpoline
[    0.215276] Spectre V2 : Spectre v2 / SpectreRSB mitigation: Filling RSB on context switch
[    0.217130] Speculative Store Bypass: Vulnerable
[    0.218500] SRBDS: Unknown: Dependent on hypervisor status
[    0.220018] MDS: Mitigation: Clear CPU buffers
[    0.223483] Freeing SMP alternatives memory: 36K
[    0.230972] ftrace: allocating 32319 entries in 127 pages
[    0.289733] smpboot: APIC(0) Converting physical 0 to logical package 0
[    0.291700] smpboot: Max logical packages: 1
[    0.293031] x2apic enabled
[    0.293950] Switched APIC routing to physical x2apic.
[    0.296350] ..TIMER: vector=0x30 apic1=0 pin1=2 apic2=-1 pin2=-1
[    0.405940] smpboot: CPU0: Intel(R) Core(TM) i7-7700HQ CPU @ 2.80GHz (family: 0x6, model: 0x9e, stepping: 0x9)
[    0.408871] Performance Events: unsupported p6 CPU model 158 no PMU driver, software events only.
[    0.420333] KVM setup paravirtual spinlock
[    0.422632] x86: Booting SMP configuration:
[    0.423639] .... node  #0, CPUs:      #1
[    0.425470] kvm-clock: cpu 1, msr 0:3ffe3041, secondary cpu clock
[    0.439797] mce: CPU supports 0 MCE banks
[    0.443007] x86: Booted up 1 node, 2 CPUs
[    0.444666] smpboot: Total of 2 processors activated (11232.00 BogoMIPS)
[    0.447128] devtmpfs: initialized
[    0.450102] evm: security.selinux
[    0.451351] evm: security.SMACK64
[    0.452157] evm: security.SMACK64EXEC
[    0.452963] evm: security.SMACK64TRANSMUTE
[    0.454349] evm: security.SMACK64MMAP
[    0.455227] evm: security.ima
[    0.455940] evm: security.capability
[    0.456934] clocksource: jiffies: mask: 0xffffffff max_cycles: 0xffffffff, max_idle_ns: 7645041785100000 ns
[    0.459069] futex hash table entries: 512 (order: 3, 32768 bytes)
[    0.460511] pinctrl core: initialized pinctrl subsystem
[    0.462097] RTC time:  1:31:54, date: 10/06/20
[    0.463391] NET: Registered protocol family 16
[    0.474006] cpuidle: using governor ladder
[    0.486357] cpuidle: using governor menu
[    0.487547] PCCT header not found.
[    0.488724] ACPI: bus type PCI registered
[    0.490201] acpiphp: ACPI Hot Plug PCI Controller Driver version: 0.5
[    0.492183] PCI: Using configuration type 1 for base access
[    0.506841] ACPI: Added _OSI(Module Device)
[    0.508423] ACPI: Added _OSI(Processor Device)
[    0.509920] ACPI: Added _OSI(3.0 _SCP Extensions)
[    0.511468] ACPI: Added _OSI(Processor Aggregator Device)
[    0.513436] ACPI: Executed 1 blocks of module-level executable AML code
[    0.517261] ACPI: Interpreter enabled
[    0.518131] ACPI: (supports S0 S5)
[    0.518997] ACPI: Using IOAPIC for interrupt routing
[    0.520196] PCI: Using host bridge windows from ACPI; if necessary, use "pci=nocrs" and report a bug
[    0.526307] ACPI: PCI Root Bridge [PCI0] (domain 0000 [bus 00-ff])
[    0.528216] acpi PNP0A03:00: _OSC: OS supports [ASPM ClockPM Segments MSI]
[    0.529935] acpi PNP0A03:00: _OSC: not requesting OS control; OS requires [ExtendedConfig ASPM ClockPM MSI]
[    0.532206] acpi PNP0A03:00: fail to add MMCONFIG information, can't access extended PCI configuration space under this bridge.
[    0.535047] PCI host bridge to bus 0000:00
[    0.536186] pci_bus 0000:00: root bus resource [io  0x0000-0x0cf7 window]
[    0.537680] pci_bus 0000:00: root bus resource [io  0x0d00-0xffff window]
[    0.539172] pci_bus 0000:00: root bus resource [mem 0x000a0000-0x000bffff window]
[    0.540943] pci_bus 0000:00: root bus resource [mem 0x40000000-0xfdffffff window]
[    0.542679] pci_bus 0000:00: root bus resource [bus 00-ff]
[    0.546599] pci 0000:00:01.1: legacy IDE quirk: reg 0x10: [io  0x01f0-0x01f7]
[    0.548305] pci 0000:00:01.1: legacy IDE quirk: reg 0x14: [io  0x03f6]
[    0.549839] pci 0000:00:01.1: legacy IDE quirk: reg 0x18: [io  0x0170-0x0177]
[    0.559511] pci 0000:00:01.1: legacy IDE quirk: reg 0x1c: [io  0x0376]
[    0.574265] pci 0000:00:07.0: quirk: [io  0x4000-0x403f] claimed by PIIX4 ACPI
[    0.576656] pci 0000:00:07.0: quirk: [io  0x4100-0x410f] claimed by PIIX4 SMB
[    0.583203] ACPI: PCI Interrupt Link [LNKA] (IRQs 5 9 10 *11)
[    0.585780] ACPI: PCI Interrupt Link [LNKB] (IRQs 5 9 *10 11)
[    0.587704] ACPI: PCI Interrupt Link [LNKC] (IRQs 5 *9 10 11)
[    0.590183] ACPI: PCI Interrupt Link [LNKD] (IRQs 5 9 10 *11)
[    0.592010] ACPI: Enabled 2 GPEs in block 00 to 07
[    0.593479] vgaarb: setting as boot device: PCI:0000:00:02.0
[    0.595077] vgaarb: device added: PCI:0000:00:02.0,decodes=io+mem,owns=io+mem,locks=none
[    0.597198] vgaarb: loaded
[    0.598101] vgaarb: bridge control possible 0000:00:02.0
[    0.599596] SCSI subsystem initialized
[    0.600593] ACPI: bus type USB registered
[    0.601822] usbcore: registered new interface driver usbfs
[    0.603000] usbcore: registered new interface driver hub
[    0.604155] usbcore: registered new device driver usb
[    0.605488] PCI: Using ACPI for IRQ routing
[    0.607933] NetLabel: Initializing
[    0.609085] NetLabel:  domain hash size = 128
[    0.610172] NetLabel:  protocols = UNLABELED CIPSOv4
[    0.611480] NetLabel:  unlabeled traffic allowed by default
[    0.612869] amd_nb: Cannot enumerate AMD northbridges
[    0.614307] clocksource: Switched to clocksource kvm-clock
[    0.622555] AppArmor: AppArmor Filesystem Enabled
[    0.624303] pnp: PnP ACPI init
[    0.626504] pnp: PnP ACPI: found 3 devices
[    0.638559] clocksource: acpi_pm: mask: 0xffffff max_cycles: 0xffffff, max_idle_ns: 2085701024 ns
[    0.641051] NET: Registered protocol family 2
[    0.642142] TCP established hash table entries: 8192 (order: 4, 65536 bytes)
[    0.643619] TCP bind hash table entries: 8192 (order: 5, 131072 bytes)
[    0.644947] TCP: Hash tables configured (established 8192 bind 8192)
[    0.646245] UDP hash table entries: 512 (order: 2, 16384 bytes)
[    0.647495] UDP-Lite hash table entries: 512 (order: 2, 16384 bytes)
[    0.648775] NET: Registered protocol family 1
[    0.650072] pci 0000:00:00.0: Limiting direct PCI/PCI transfers
[    0.651820] pci 0000:00:01.0: Activating ISA DMA hang workarounds
[    0.653637] Unpacking initramfs...
[    0.875838] Freeing initrd memory: 14884K
[    0.877680] clocksource: tsc: mask: 0xffffffffffffffff max_cycles: 0x2879c5f06f2, max_idle_ns: 440795220049 ns
[    0.880179] platform rtc_cmos: registered platform RTC device (no PNP device found)
[    0.882489] Scanning for low memory corruption every 60 seconds
[    0.884256] audit: initializing netlink subsys (disabled)
[    0.885405] audit: type=2000 audit(1601947920.698:1): initialized
[    0.887044] Initialise system trusted keyring
[    0.888244] HugeTLB registered 2 MB page size, pre-allocated 0 pages
[    0.891024] zbud: loaded
[    0.892506] VFS: Disk quotas dquot_6.6.0
[    0.893584] VFS: Dquot-cache hash table entries: 512 (order 0, 4096 bytes)
[    0.895258] squashfs: version 4.0 (2009/01/31) Phillip Lougher
[    0.896703] fuse init (API version 7.23)
[    0.897720] Key type big_key registered
[    0.898610] Allocating IMA MOK and blacklist keyrings.
[    0.900538] Key type asymmetric registered
[    0.901920] Asymmetric key parser 'x509' registered
[    0.903453] Block layer SCSI generic (bsg) driver version 0.4 loaded (major 249)
[    0.905146] io scheduler noop registered
[    0.906023] io scheduler deadline registered (default)
[    0.907175] io scheduler cfq registered
[    0.908140] pci_hotplug: PCI Hot Plug PCI Core version: 0.5
[    0.909385] pciehp: PCI Express Hot Plug Controller Driver version: 0.4
[    0.911131] ACPI: AC Adapter [AC] (on-line)
[    0.912501] input: Power Button as /devices/LNXSYSTM:00/LNXPWRBN:00/input/input0
[    0.914314] ACPI: Power Button [PWRF]
[    0.915614] input: Sleep Button as /devices/LNXSYSTM:00/LNXSLPBN:00/input/input1
[    0.917748] ACPI: Sleep Button [SLPF]
[    0.919072] GHES: HEST is not enabled!
[    0.920107] ACPI: Battery Slot [BAT0] (battery present)
[    0.922419] Serial: 8250/16550 driver, 32 ports, IRQ sharing enabled
[    0.944344] 00:02: ttyS0 at I/O 0x3f8 (irq = 4, base_baud = 115200) is a 16550A
[    0.949579] Linux agpgart interface v0.103
[    0.952404] loop: module loaded
[    0.953648] scsi host0: ata_piix
[    0.954567] scsi host1: ata_piix
[    0.955367] ata1: PATA max UDMA/33 cmd 0x1f0 ctl 0x3f6 bmdma 0xd000 irq 14
[    0.956888] ata2: PATA max UDMA/33 cmd 0x170 ctl 0x376 bmdma 0xd008 irq 15
[    0.958375] libphy: Fixed MDIO Bus: probed
[    0.959565] tun: Universal TUN/TAP device driver, 1.6
[    0.960655] tun: (C) 1999-2004 Max Krasnyansky <maxk@qualcomm.com>
[    0.962043] PPP generic driver version 2.4.2
[    0.963493] ehci_hcd: USB 2.0 'Enhanced' Host Controller (EHCI) Driver
[    0.965139] ehci-pci: EHCI PCI platform driver
[    0.966392] ehci-platform: EHCI generic platform driver
[    0.967736] ohci_hcd: USB 1.1 'Open' Host Controller (OHCI) Driver
[    0.969057] ohci-pci: OHCI PCI platform driver
[    0.970032] ohci-platform: OHCI generic platform driver
[    0.971219] uhci_hcd: USB Universal Host Controller Interface driver
[    0.972570] i8042: PNP: PS/2 Controller [PNP0303:PS2K,PNP0f03:PS2M] at 0x60,0x64 irq 1,12
[    0.974744] serio: i8042 KBD port at 0x60,0x64 irq 1
[    0.976251] serio: i8042 AUX port at 0x60,0x64 irq 12
[    0.977592] mousedev: PS/2 mouse device common for all mice
[    0.979369] input: AT Translated Set 2 keyboard as /devices/platform/i8042/serio0/input/input2
[    0.982100] rtc_cmos rtc_cmos: rtc core: registered rtc_cmos as rtc0
[    0.983770] rtc_cmos rtc_cmos: alarms up to one day, 114 bytes nvram
[    0.985262] i2c /dev entries driver
[    0.986121] device-mapper: uevent: version 1.0.3
[    0.987252] device-mapper: ioctl: 4.34.0-ioctl (2015-10-28) initialised: dm-devel@redhat.com
[    0.989115] ledtrig-cpu: registered to indicate activity on CPUs
[    0.990819] NET: Registered protocol family 10
[    0.992450] NET: Registered protocol family 17
[    0.993436] Key type dns_resolver registered
[    0.995367] registered taskstats version 1
[    0.996456] Loading compiled-in X.509 certificates
[    0.997959] Loaded X.509 cert 'Build time autogenerated kernel key: b6ae09eed57f82583ccd3c65c463e852cdd7a0b5'
[    1.000184] zswap: loaded using pool lzo/zbud
[    1.002801] Key type trusted registered
[    1.006431] Key type encrypted registered
[    1.007328] AppArmor: AppArmor sha1 policy hashing enabled
[    1.008466] ima: No TPM chip found, activating TPM-bypass!
[    1.009634] ima: Allocated hash algorithm: sha1
[    1.010686] evm: HMAC attrs: 0x1
[    1.012082]   Magic number: 8:56:508
[    1.013316] pci 0000:00:01.0: hash matches
[    1.014783] rtc_cmos rtc_cmos: setting system clock to 2020-10-06 01:31:54 UTC (1601947914)
[    1.016879] BIOS EDD facility v0.16 2004-Jun-25, 0 devices found
[    1.018104] EDD information not available.
[    1.139979] Freeing unused kernel memory: 1492K
[    1.141660] Write protecting the kernel read-only data: 14336k
[    1.143690] Freeing unused kernel memory: 1596K
[    1.145144] Freeing unused kernel memory: 60K
Loading, please wait...
starting version 229
[    1.159118] random: systemd-udevd: uninitialized urandom read (16 bytes read, 3 bits of entropy available)
[    1.159823] random: udevadm: uninitialized urandom read (16 bytes read, 3 bits of entropy available)
[    1.159849] random: udevadm: uninitialized urandom read (16 bytes read, 3 bits of entropy available)
[    1.167385] random: udevadm: uninitialized urandom read (16 bytes read, 3 bits of entropy available)
[    1.167437] random: udevadm: uninitialized urandom read (16 bytes read, 3 bits of entropy available)
[    1.167569] random: udevadm: uninitialized urandom read (16 bytes read, 3 bits of entropy available)
[    1.167622] random: udevadm: uninitialized urandom read (16 bytes read, 3 bits of entropy available)
[    1.167674] random: udevadm: uninitialized urandom read (16 bytes read, 3 bits of entropy available)
[    1.167728] random: udevadm: uninitialized urandom read (16 bytes read, 3 bits of entropy available)
[    1.167779] random: udevadm: uninitialized urandom read (16 bytes read, 3 bits of entropy available)
[    1.217098] Fusion MPT base driver 3.04.20
[    1.218695] Copyright (c) 1999-2008 LSI Corporation
[    1.219962] e1000: Intel(R) PRO/1000 Network Driver - version 7.3.21-k8-NAPI
[    1.221415] e1000: Copyright (c) 1999-2006 Intel Corporation.
[    1.230545] Fusion MPT SPI Host driver 3.04.20
[    1.242333] AVX2 version of gcm_enc/dec engaged.
[    1.244814] AES CTR mode by8 optimization enabled
[    1.427972] input: ImExPS/2 Generic Explorer Mouse as /devices/platform/i8042/serio1/input/input4
[    1.623914] e1000 0000:00:03.0 eth0: (PCI:33MHz:32-bit) 02:da:92:60:70:7f
[    1.625909] e1000 0000:00:03.0 eth0: Intel(R) PRO/1000 Network Connection
[    1.628314] mptbase: ioc0: Initiating bringup
[    1.629088] e1000 0000:00:03.0 enp0s3: renamed from eth0
[    1.694582] ioc0: LSI53C1030 A0: Capabilities={Initiator}
[    1.859160] scsi host2: ioc0: LSI53C1030 A0, FwRev=00000000h, Ports=1, MaxQ=256, IRQ=20
[    1.971445] scsi 2:0:0:0: Direct-Access     VBOX     HARDDISK         1.0  PQ: 0 ANSI: 5
[    1.973853] scsi target2:0:0: Beginning Domain Validation
[    1.976614] scsi target2:0:0: Domain Validation skipping write tests
[    1.978363] scsi target2:0:0: Ending Domain Validation
[    1.979652] scsi target2:0:0: asynchronous
[    1.981679] scsi 2:0:1:0: Direct-Access     VBOX     HARDDISK         1.0  PQ: 0 ANSI: 5
[    1.983582] scsi target2:0:1: Beginning Domain Validation
[    1.985410] scsi target2:0:1: Domain Validation skipping write tests
[    1.994542] scsi target2:0:1: Ending Domain Validation
[    1.996120] scsi target2:0:1: asynchronous
[    2.008405] sd 2:0:0:0: [sda] 20971520 512-byte logical blocks: (10.7 GB/10.0 GiB)
[    2.008555] sd 2:0:0:0: Attached scsi generic sg0 type 0
[    2.008686] sd 2:0:1:0: Attached scsi generic sg1 type 0
[    2.009364] sd 2:0:1:0: [sdb] 20480 512-byte logical blocks: (10.5 MB/10.0 MiB)
[    2.009657] sd 2:0:1:0: [sdb] Write Protect is off
[    2.009785] sd 2:0:1:0: [sdb] Incomplete mode parameter data
[    2.009786] sd 2:0:1:0: [sdb] Assuming drive cache: write through
[    2.018396] sd 2:0:1:0: [sdb] Attached SCSI disk
[    2.021339] sd 2:0:0:0: [sda] Write Protect is off
[    2.022975] sd 2:0:0:0: [sda] Incomplete mode parameter data
[    2.024471] sd 2:0:0:0: [sda] Assuming drive cache: write through
[    2.027269]  sda: sda1
[    2.029068] sd 2:0:0:0: [sda] Attached SCSI disk
Begin: Loading essential drivers ... [    3.334056] md: linear personality registered for level -1
[    3.338398] md: multipath personality registered for level -4
[    3.342021] md: raid0 personality registered for level 0
[    3.346811] md: raid1 personality registered for level 1
[    3.418520] raid6: sse2x1   gen() 11707 MB/s
[    3.486397] raid6: sse2x1   xor()  8827 MB/s
[    3.554883] raid6: sse2x2   gen() 13945 MB/s
[    3.622373] raid6: sse2x2   xor() 10136 MB/s
[    3.690562] raid6: sse2x4   gen() 16671 MB/s
[    3.758314] raid6: sse2x4   xor() 10811 MB/s
[    3.826312] raid6: avx2x1   gen() 20671 MB/s
[    3.894539] raid6: avx2x2   gen() 26471 MB/s
[    3.962539] raid6: avx2x4   gen() 29144 MB/s
[    3.964027] raid6: using algorithm avx2x4 gen() 29144 MB/s
[    3.965946] raid6: using avx2x2 recovery algorithm
[    3.968854] xor: automatically using best checksumming function:
[    4.010386]    avx       : 32067.000 MB/sec
[    4.013464] async_tx: api initialized (async)
[    4.028997] md: raid6 personality registered for level 6
[    4.030624] md: raid5 personality registered for level 5
[    4.032410] md: raid4 personality registered for level 4
[    4.041258] md: raid10 personality registered for level 10
done.
Begin: Running /scripts/init-premount ... done.
Begin: Mounting root file system ... Begin: Running /scripts/local-top ... done.
Begin: Running /scripts/local-premount ... [    4.073875] Btrfs loaded
Scanning for Btrfs filesystems
done.
Warning: fsck not present, so skipping root file system
[    4.104717] EXT4-fs (sda1): INFO: recovery required on readonly filesystem
[    4.106518] EXT4-fs (sda1): write access will be enabled during recovery
[    4.165756] EXT4-fs (sda1): orphan cleanup on readonly fs
[    4.183768] EXT4-fs (sda1): 20 orphan inodes deleted
[    4.184934] EXT4-fs (sda1): recovery complete
[    4.186642] EXT4-fs (sda1): mounted filesystem with ordered data mode. Opts: (null)
done.
Begin: Running /scripts/local-bottom ... done.
Begin: Running /scripts/init-bottom ... done.
[    4.292910] systemd[1]: systemd 229 running in system mode. (+PAM +AUDIT +SELINUX +IMA +APPARMOR +SMACK +SYSVINIT +UTMP +LIBCRYPTSETUP +GCRYPT +GNUTLS +ACL +XZ -LZ4 +SECCOMP +BLKID +ELFUTILS +KMOD -IDN)
[    4.297645] systemd[1]: Detected virtualization oracle.
[    4.298903] systemd[1]: Detected architecture x86-64.

Welcome to [1mUbuntu 16.04.6 LTS[0m!

[    4.302615] systemd[1]: Set hostname to <ubuntu-xenial>.
[    4.464839] systemd[1]: Listening on LVM2 poll daemon socket.
[[0;32m  OK  [0m] Listening on LVM2 poll daemon socket.
[    4.467637] systemd[1]: Listening on Device-mapper event daemon FIFOs.
[[0;32m  OK  [0m] Listening on Device-mapper event daemon FIFOs.
[    4.469996] systemd[1]: Set up automount Arbitrary Executable File Formats File System Automount Point.
[[0;32m  OK  [0m] Set up automount Arbitrary Executab...ats File System Automount Point.
[    4.474189] systemd[1]: Listening on udev Control Socket.
[[0;32m  OK  [0m] Listening on udev Control Socket.
[    4.476445] systemd[1]: Listening on Journal Audit Socket.
[[0;32m  OK  [0m] Listening on Journal Audit Socket.
[    4.479778] systemd[1]: Listening on LVM2 metadata daemon socket.
[[0;32m  OK  [0m] Listening on LVM2 metadata daemon socket.
[    4.490929] systemd[1]: Reached target Swap.
[[0;32m  OK  [0m] Reached target Swap.
[    4.492942] systemd[1]: Started Forward Password Requests to Wall Directory Watch.
[[0;32m  OK  [0m] Started Forward Password Requests to Wall Directory Watch.
[    4.496567] systemd[1]: Created slice System Slice.
[[0;32m  OK  [0m] Created slice System Slice.
[    4.498800] systemd[1]: Created slice system-serial\x2dgetty.slice.
[[0;32m  OK  [0m] Created slice system-serial\x2dgetty.slice.
[    4.501372] systemd[1]: Reached target User and Group Name Lookups.
[[0;32m  OK  [0m] Reached target User and Group Name Lookups.
[    4.503670] systemd[1]: Listening on Syslog Socket.
[[0;32m  OK  [0m] Listening on Syslog Socket.
[    4.505881] systemd[1]: Listening on udev Kernel Socket.
[[0;32m  OK  [0m] Listening on udev Kernel Socket.
[    4.507956] systemd[1]: Created slice User and Session Slice.
[[0;32m  OK  [0m] Created slice User and Session Slice.
[    4.514994] systemd[1]: Reached target Slices.
[[0;32m  OK  [0m] Reached target Slices.
[    4.517112] systemd[1]: Reached target System Time Synchronized.
[[0;32m  OK  [0m] Reached target System Time Synchronized.
[    4.520358] systemd[1]: Listening on /dev/initctl Compatibility Named Pipe.
[[0;32m  OK  [0m] Listening on /dev/initctl Compatibility Named Pipe.
[    4.523264] systemd[1]: Listening on Journal Socket.
[[0;32m  OK  [0m] Listening on Journal Socket.
[    4.535001] systemd[1]: Starting Uncomplicated firewall...
         Starting Uncomplicated firewall...
[    4.538994] systemd[1]: Starting Monitoring of LVM2 mirrors, snapshots etc. using dmeventd or progress polling...
         Starting Monitoring of LVM2 mirrors... dmeventd or progress polling...
[    4.546877] systemd[1]: Starting Load Kernel Modules...
         Starting Load Kernel Modules...
[    4.550835] systemd[1]: Mounting Huge Pages File System...
         Mounting Huge Pages File System...
[    4.554266] systemd[1]: Starting Nameserver information manager...
         Starting Nameserver information manager...
[    4.560824] systemd[1]: Starting Create list of required static device nodes for the current kernel...
         Starting Create list of required st... nodes for the current kernel...
[    4.565546] Loading iSCSI transport class v2.0-870.
[    4.567512] systemd[1]: Starting Set console keymap...
         Starting Set console keymap...
[    4.572096] systemd[1]: Mounting Debug File System...
         Mounting Debug File System...
[    4.576816] systemd[1]: Mounting POSIX Message Queue File System...
         Mounting POSIX Message Queue File System...
[    4.580269] systemd[1]: Starting Remount Root and Kernel File Systems...
         Starting Remount Root and Kernel File Systems...
[    4.586510] EXT4-fs (sda1): re-mounted. Opts: (null)
[    4.588263] iscsi: registered transport (tcp)
[    4.590569] systemd[1]: Started Trigger resolvconf update for networkd DNS.
[[0;32m  OK  [0m] Started Trigger resolvconf update for networkd DNS.
[    4.598508] systemd[1]: Reached target Encrypted Volumes.
[[0;32m  OK  [0m] Reached target Encrypted Volumes.
[    4.606607] systemd[1]: Listening on Journal Socket (/dev/log).
[[0;32m  OK  [0m] Listening on Journal Socket (/dev/log).
[    4.619181] iscsi: registered transport (iser)
[    4.623028] systemd[1]: Starting Journal Service...
         Starting Journal Service...
[    4.626736] systemd[1]: Mounted Debug File System.
[[0;32m  OK  [0m] Mounted Debug File System.
[    4.629051] systemd[1]: Mounted POSIX Message Queue File System.
[[0;32m  OK  [0m] Mounted POSIX Message Queue File System.
[    4.631488] systemd[1]: Mounted Huge Pages File System.
[[0;32m  OK  [0m] Mounted Huge Pages File System.
[    4.634101] systemd[1]: Started Uncomplicated firewall.
[[0;32m  OK  [0m] Started Uncomplicated firewall.
[    4.638963] systemd[1]: Started Load Kernel Modules.
[[0;32m  OK  [0m] Started Load Kernel Modules.
[    4.642124] systemd[1]: Started Create list of required static device nodes for the current kernel.
[[0;32m  OK  [0m] Started Create list of required sta...ce nodes for the current kernel.
[    4.646215] systemd[1]: Started Set console keymap.
[[0;32m  OK  [0m] Started Set console keymap.
[    4.649029] systemd[1]: Started Remount Root and Kernel File Systems.
[[0;32m  OK  [0m] Started Remount Root and Kernel File Systems.
[    4.652312] systemd[1]: Started Nameserver information manager.
[[0;32m  OK  [0m] Started Nameserver information manager.
[    4.656140] systemd[1]: Started Journal Service.
[[0;32m  OK  [0m] Started Journal Service.
[[0;32m  OK  [0m] Started LVM2 metadata daemon.
         Starting Flush Journal to Persistent Storage...
         Starting Load/Save Random Seed...
         Starting udev Coldplug all Devices...
         Starting Create Static Device Nodes in /dev...
         Starting Apply Kernel Variables...
         Mounting FUSE Control File System...
[[0;32m  OK  [0m] Started Load/Save Random Seed.
[[0;32m  OK  [0m] Mounted FUSE Control File System.
[    4.689058] systemd-journald[401]: Received request to flush runtime journal from PID 1
[[0;32m  OK  [0m] Started Flush Journal to Persistent Storage.
[[0;32m  OK  [0m] Started Apply Kernel Variables.
[[0;32m  OK  [0m] Started Create Static Device Nodes in /dev.
         Starting udev Kernel Device Manager...
[[0;32m  OK  [0m] Started udev Kernel Device Manager.
[[0;32m  OK  [0m] Started udev Coldplug all Devices.
[[0;32m  OK  [0m] Started Dispatch Password Requests to Console Directory Watch.
[[0;32m  OK  [0m] Started Monitoring of LVM2 mirrors,...ng dmeventd or progress polling.
[[0;32m  OK  [0m] Reached target Local File Systems (Pre).
[[0;32m  OK  [0m] Reached target Local File Systems.
         Starting Tell Plymouth To Write Out Runtime Data...
         Starting Initial cloud-init job (pre-networking)...
         Starting Set console font and keymap...
         Starting LSB: AppArmor initialization...
         Starting Create Volatile Files and Directories...
[[0;32m  OK  [0m] Started Tell Plymouth To Write Out Runtime Data.
[[0;32m  OK  [0m] Started Create Volatile Files and Directories.
[[0;32m  OK  [0m] Found device /dev/ttyS0.
         Starting Update UTMP about System Boot/Shutdown...
[[0;32m  OK  [0m] Started Update UTMP about System Boot/Shutdown.
[[0;32m  OK  [0m] Listening on Load/Save RF Kill Switch Status /dev/rfkill Watch.
[[0;32m  OK  [0m] Started LSB: AppArmor initialization.
[[0;32m  OK  [0m] Found device 82540EM Gigabit Ethern...r (PRO/1000 MT Desktop Adapter).
[    5.439054] cloud-init[493]: Traceback (most recent call last):
[    5.486726] cloud-init[493]:   File "/usr/bin/cloud-init", line 9, in <module>
[    5.492770] [cloud-init[0;1;31mFAILED[0m[493]: ]     load_entry_point('cloud-init==19.4', 'console_scripts', 'cloud-init')()Failed to start Initial cloud-init job (pre-networking).

See 'systemctl status cloud-init-local.service' for details.
[[0;32m  OK  [0m] Reached target Network (Pre).
[    5.494621] cloud-init[493]:   File "/usr/lib/python3/dist-packages/pkg_resources/__init__.py", line 542, in load_entry_point
         Starting Raise network interfaces...
[[0;32m  OK  [0m] Started ifup for enp0s3.
[    5.608475] cloud-init[493]:     return get_distribution(dist).load_entry_point(group, name)
[    5.642680] cloud-init[493]:   File "/usr/lib/python3/dist-packages/pkg_resources/__init__.py", line 2569, in load_entry_point
[    5.642931] cloud-init[493]:     return ep.load()
[[0;32m  OK  [0m] Started Set console font and keymap.
[[0;32m  OK  [0m] Created slice system-getty.slice.
[    5.643057] cloud-init[493]:   File "/usr/lib/python3/dist-packages/pkg_resources/__init__.py", line 2229, in load
[    5.649828] cloud-init[493]:     return self.resolve()
[    5.651771] cloud-init[493]:   File "/usr/lib/python3/dist-packages/pkg_resources/__init__.py", line 2235, in resolve
[    5.654138] cloud-init[493]:     module = __import__(self.module_name, fromlist=['__name__'], level=0)
[    5.656016] cloud-init[493]:   File "/usr/lib/python3/dist-packages/cloudinit/cmd/main.py", line 29, in <module>
[    5.657718] cloud-init[493]:     from cloudinit import stages
[    5.658999] cloud-init[493]:   File "/usr/lib/python3/dist-packages/cloudinit/stages.py", line 21, in <module>
[    5.661034] cloud-init[493]:     from cloudinit.handlers.cloud_config import CloudConfigPartHandler
[    5.668338] cloud-init[493]:   File "/usr/lib/python3/dist-packages/cloudinit/handlers/cloud_config.py", line 11, in <module>
[    5.671298] cloud-init[493]:     import jsonpatch
[    5.672197] cloud-init[493]:   File "/usr/lib/python3/dist-packages/jsonpatch.py", line 114, in <module>
[    5.673627] cloud-init[493]:     json.load = get_loadjson()
[    5.684306] cloud-init[493]:   File "/usr/lib/python3/dist-packages/jsonpatch.py", line 108, in get_loadjson
[    5.685830] cloud-init[493]:     argspec = inspect.getargspec(json.load)
[    5.686783] cloud-init[493]:   File "/usr/lib/python3.7/inspect.py", line 1082, in getargspec
[    5.692342] cloud-init[493]:     raise ValueError("Function has keyword-only parameters or annotations"
[    5.704274] cloud-init[493]: ValueError: Function has keyword-only parameters or annotations, use getfullargspec() API which can support them
[[0;32m  OK  [0m] Started Raise network interfaces.
         Starting Initial cloud-init job (metadata service crawler)...
[[0;32m  OK  [0m] Reached target Network.
[    5.959382] cloud-init[944]: Traceback (most recent call last):
[    5.968520] cloud-init[944]:   File "/usr/bin/cloud-init", line 9, in <module>
[    5.980237] [cloud-init[0;1;31mFAILED[0m[944]: ]     load_entry_point('cloud-init==19.4', 'console_scripts', 'cloud-init')()Failed to start Initial cloud-init job (metadata service crawler).

See 'systemctl status cloud-init.service' for details.
[[0;32m  OK  [0m] Reached target Network is Online.
[    5.980724] cloud-init[944]:   File "/usr/lib/python3/dist-packages/pkg_resources/__init__.py", line 542, in load_entry_point
[    6.008587] cloud-init[944]:     return get_distribution(dist).load_entry_point(group, name)
[    6.016349] cloud-init[944]:   File "/usr/lib/python3/dist-packages/pkg_resources/__init__.py", line 2569, in load_entry_point         Starting iSCSI initiator daemon (iscsid)...
[[0;32m  OK  [0m] Reached target Cloud-config availability.
[[0;32m  OK  [0m
[    6.021244] cloud-init[944]:     return ep.load()
[    6.021339] cloud-init[944]:   File "/usr/lib/python3/dist-packages/pkg_resources/__init__.py", line 2229, in load
[    6.022261] cloud-init[944]:     return self.resolve()
[    6.023147] cloud-init[944]:   File "/usr/lib/python3/dist-packages/pkg_resources/__init__.py", line 2235, in resolve
[    6.023890] cloud-init[944]:     module = __import__(self.module_name, fromlist=['__name__'], level=0)
[    6.024814] cloud-init[944]:   File "/usr/lib/python3/dist-packages/cloudinit/cmd/main.py", line 29, in <module>
] Reached target System Initialization.
[    6.025826] cloud-init[944]:     from cloudinit import stages
[    6.026928] cloud-init[944]:   File "/usr/lib/python3/dist-packages/cloudinit/stages.py", line 21, in <module>
[    6.027529] cloud-init[944]:     from cloudinit.handlers.cloud_config import CloudConfigPartHandler
[    6.028725] cloud-init[944]:   File "/usr/lib/python3/dist-packages/cloudinit/handlers/cloud_config.py", line 11, in <module>
[    6.029477] cloud-init[944]:     import jsonpatch
[    6.031382] cloud-init[944]:   File "/usr/lib/python3/dist-packages/jsonpatch.py", line 114, in <module>
[    6.032083] cloud-init[944]:     json.load = get_loadjson()
[    6.033132] cloud-init[944]:   File "/usr/lib/python3/dist-packages/jsonpatch.py", line 108, in get_loadjson
[    6.034423] cloud-init[944]:     argspec = inspect.getargspec(json.load)
[    6.034818] cloud-init[944]:   File "/usr/lib/python3.7/inspect.py", line 1082, in getargspec
[    6.035430] cloud-init[944]:     raise ValueError("Function has keyword-only parameters or annotations"
[    6.037248] cloud-init[944]: ValueError: Function has keyword-only parameters or annotations, use getfullargspec() API which can support them
[[0;32m  OK  [0m] Started Daily apt download activities.
[[0;32m  OK  [0m] Started Daily apt upgrade and clean activities.
         Starting LXD - unix socket.
[[0;32m  OK  [0m] Started ACPI Events Check.
[[0;32m  OK  [0m] Reached target Paths.
[[0;32m  OK  [0m] Listening on ACPID Listen Socket.
[[0;32m  OK  [0m] Started Message of the Day.
[[0;32m  OK  [0m] Listening on D-Bus System Message Bus Socket.
         Starting Socket activation for snappy daemon.
[[0;32m  OK  [0m] Started Daily Cleanup of Temporary Directories.
[[0;32m  OK  [0m] Reached target Timers.
[[0;32m  OK  [0m] Listening on UUID daemon activation socket.
[[0;32m  OK  [0m] Listening on LXD - unix socket.
[[0;32m  OK  [0m] Listening on Socket activation for snappy daemon.
[[0;32m  OK  [0m] Started iSCSI initiator daemon (iscsid).
         Starting Login to default iSCSI targets...
[[0;32m  OK  [0m] Reached target Sockets.
[[0;32m  OK  [0m] Reached target Basic System.
         Starting /etc/rc.local Compatibility...
[[0;32m  OK  [0m] Started FUSE filesystem for LXC.
         Starting Message of the Day...
         Starting System Logging Service...
         Starting Login Service...
         Starting LSB: MD monitoring daemon...
[[0;32m  OK  [0m] Started Deferred execution scheduler.
         Starting Accounts Service...
[[0;32m  OK  [0m] Started D-Bus System Message Bus.
[[0;32m  OK  [0m] Started Regular background program processing daemon.
         Starting Snappy daemon...
         Starting A high performance web server and a reverse proxy server...
[[0;32m  OK  [0m] Started ACPI event daemon.
         Starting MySQL Community Server...
         Starting LSB: Record successful boot for GRUB...
         Starting Virtualbox guest utils...
         Starting OpenBSD Secure Shell server...
         Starting LXD - container startup/shutdown...
[[0;32m  OK  [0m] Started System Logging Service.
[[0;32m  OK  [0m] Started /etc/rc.local Compatibility.
[[0;32m  OK  [0m] Started Login Service.
[[0;32m  OK  [0m] Started Unattended Upgrades Shutdown.
         Starting Authenticate and Authorize Users to Run Privileged Tasks...
[[0;32m  OK  [0m] Started Login to default iSCSI targets.
[[0;32m  OK  [0m] Reached target Remote File Systems (Pre).
[[0;32m  OK  [0m] Reached target Remote File Systems.
         Starting LSB: Set the CPU Frequency Scaling governor to "ondemand"...
         Starting LSB: daemon to balance interrupts for SMP systems...
         Starting LSB: automatic crash report generation...
         Starting Permit User Sessions...
[[0;32m  OK  [0m] Started LSB: MD monitoring daemon.
[[0;32m  OK  [0m] Started Permit User Sessions.
[[0;32m  OK  [0m] Started LSB: Record successful boot for GRUB.
         Starting Terminate Plymouth Boot Screen...
         Starting Hold until boot process finishes up...
[[0;32m  OK  [0m] Started Hold until boot process finishes up.
[[0;32m  OK  [0m] Started Getty on tty1.
[[0;32m  OK  [0m] Started Serial Getty on ttyS0.
[[0;32m  OK  [0m] Reached target Login Prompts.
         Starting Set console scheme...
[[0;32m  OK  [0m] Started LSB: Set the CPU Frequency Scaling governor to "ondemand".
[[0;32m  OK  [0m] Started Terminate Plymouth Boot Screen.
[[0;32m  OK  [0m] Started Set console scheme.
[[0;32m  OK  [0m] Started Virtualbox guest utils.
[[0;32m  OK  [0m] Started Authenticate and Authorize Users to Run Privileged Tasks.
[[0;32m  OK  [0m] Started Accounts Service.
[[0;32m  OK  [0m] Started LSB: daemon to balance interrupts for SMP systems.
[[0;32m  OK  [0m] Started OpenBSD Secure Shell server.
[[0;32m  OK  [0m] Started LSB: automatic crash report generation.
[[0;32m  OK  [0m] Started A high performance web server and a reverse proxy server.
[[0;32m  OK  [0m] Started LXD - container startup/shutdown.
[[0;32m  OK  [0m] Started Snappy daemon.
         Starting Wait until snapd is fully seeded...
[[0;32m  OK  [0m] Started Wait until snapd is fully seeded.
         Starting Apply the settings specified in cloud-config...
[    6.991102] cloud-init[1211]: Traceback (most recent call last):
[    6.992459] cloud-init[1211]:   File "/usr/bin/cloud-init", line 9, in <module>
[    7.000485] cloud-init[1211]:     load_entry_point('cloud-init==19.4', 'console_scripts', 'cloud-init')()
[    7.001662] cloud-init[1211]:   File "/usr/lib/python3/dist-packages/pkg_resources/__init__.py", line 542, in load_entry_point
[    7.003878] cloud-init[1211]:     return get_distribution(dist).load_entry_point(group, name)
[    7.005948] cloud-init[1211]:   File "/usr/lib/python3/dist-packages/pkg_resources/__init__.py", line 2569, in load_entry_point
[    7.008623] cloud-init[1211]:     return ep.load()
[    7.009888] cloud-init[1211]:   File "/usr/lib/python3/dist-packages/pkg_resources/__init__.py", line 2229, in load
[    7.012473] cloud-init[1211]:     return self.resolve()
[    7.014125] cloud-init[1211]:   File "/usr/lib/python3/dist-packages/pkg_resources/__init__.py", line 2235, in resolve
[    7.016036] cloud-init[1211]:     module = __import__(self.module_name, fromlist=['__name__'], level=0)
[    7.018341] [[0;1;31mFAILED[0m] Failed to start Apply the settings specified in cloud-config.
See 'systemctl status cloud-config.service' for details.
cloud-init[1211]:   File "/usr/lib/python3/dist-packages/cloudinit/cmd/main.py", line 29, in <module>
[    7.028308] cloud-init[1211]:     from cloudinit import stages
[    7.029677] cloud-init[1211]:   File "/usr/lib/python3/dist-packages/cloudinit/stages.py", line 21, in <module>
[    7.031757] cloud-init[1211]:     from cloudinit.handlers.cloud_config import CloudConfigPartHandler
[    7.033884] cloud-init[1211]:   File "/usr/lib/python3/dist-packages/cloudinit/handlers/cloud_config.py", line 11, in <module>
[    7.039766] cloud-init[1211]:     import jsonpatch
[    7.043148] cloud-init[1211]:   File "/usr/lib/python3/dist-packages/jsonpatch.py", line 114, in <module>
[    7.049840] cloud-init[1211]:     json.load = get_loadjson()
[    7.053233] cloud-init[1211]:   File "/usr/lib/python3/dist-packages/jsonpatch.py", line 108, in get_loadjson
[    7.060872] cloud-init[1211]:     argspec = inspect.getargspec(json.load)
[    7.061781] cloud-init[1211]:   File "/usr/lib/python3.7/inspect.py", line 1082, in getargspec
[    7.062761] cloud-init[1211]:     raise ValueError("Function has keyword-only parameters or annotations"
[    7.063774] cloud-init[1211]: ValueError: Function has keyword-only parameters or annotations, use getfullargspec() API which can support them
[[0;32m  OK  [0m] Started MySQL Community Server.
[[0;32m  OK  [0m] Reached target Multi-User System.
         Starting Execute cloud user/final scripts...
[[0;32m  OK  [0m] Reached target Graphical Interface.
         Starting Update UTMP about System Runlevel Changes...
[[0;32m  OK  [0m] Started Update UTMP about System Runlevel Changes.
[[0;32m  OK  [0m] Started Message of the Day.
[    7.740510] cloud-init[1248]: Traceback (most recent call last):
[    7.748418] cloud-init[1248]:   File "/usr/bin/cloud-init", line 9, in <module>
[    7.749423] cloud-init[1248]:     load_entry_point('cloud-init==19.4', 'console_scripts', 'cloud-init')()
[    7.750673] cloud-init[1248]:   File "/usr/lib/python3/dist-packages/pkg_resources/__init__.py", line 542, in load_entry_point
[    7.751842] cloud-init[1248]:     return get_distribution(dist).load_entry_point(group, name)
[    7.753284] cloud-init[1248]:   File "/usr/lib/python3/dist-packages/pkg_resources/__init__.py", line 2569, in load_entry_point
[    7.754814] cloud-init[1248]:     return ep.load()
[    7.760996] cloud-init[1248]:   File "/usr/lib/python3/dist-packages/pkg_resources/__init__.py", line 2229, in load
[[0;1;31mFAILED[0m] Failed to start Execute cloud user/final scripts.
See 'systemctl status cloud-final.service' for details.
[    7.774997] cloud-init[1248]:     return self.resolve()
[    7.779568] cloud-init[1248]:   File "/usr/lib/python3/dist-packages/pkg_resources/__init__.py", line 2235, in resolve
[    7.788732] cloud-init[1248]:     module = __import__(self.module_name, fromlist=['__name__'], level=0)
[    7.789825] cloud-init[1248]:   File "/usr/lib/python3/dist-packages/cloudinit/cmd/main.py", line 29, in <module>
[    7.790925] cloud-init[1248]:     from cloudinit import stages
         Starting Daily apt download activities...
[[0;32m  OK  [0m] Reached target Cloud-init target.
[    7.791828] cloud-init[1248]:   File "/usr/lib/python3/dist-packages/cloudinit/stages.py", line 21, in <module>
[    7.794206] cloud-init[1248]:     from cloudinit.handlers.cloud_config import CloudConfigPartHandler
[    7.796157] cloud-init[1248]:   File "/usr/lib/python3/dist-packages/cloudinit/handlers/cloud_config.py", line 11, in <module>
[    7.798512] cloud-init[1248]:     import jsonpatch
[    7.799449] cloud-init[1248]:   File "/usr/lib/python3/dist-packages/jsonpatch.py", line 114, in <module>
[    7.800681] cloud-init[1248]:     json.load = get_loadjson()
[    7.801823] cloud-init[1248]:   File "/usr/lib/python3/dist-packages/jsonpatch.py", line 108, in get_loadjson
[    7.803293] cloud-init[1248]:     argspec = inspect.getargspec(json.load)
[    7.804613] cloud-init[1248]:   File "/usr/lib/python3.7/inspect.py", line 1082, in getargspec
[    7.806537] cloud-init[1248]:     raise ValueError("Function has keyword-only parameters or annotations"
[    7.808702] cloud-init[1248]: ValueError: Function has keyword-only parameters or annotations, use getfullargspec() API which can support them
[[0;32m  OK  [0m] Created slice User Slice of vagrant.
         Starting User Manager for UID 1000...
[[0;32m  OK  [0m] Started Session 1 of user vagrant.
[[0;32m  OK  [0m] Started User Manager for UID 1000.

Ubuntu 16.04.6 LTS ubuntu-xenial ttyS0

ubuntu-xenial login: 